// Jest Snapshot v1, https://goo.gl/fbAQLP

exports[`render correctly 1`] = `
<div
  className="row"
>
  <div
    className="bp3-card bp3-interactive bp3-elevation-0 bitfinex-auth col-xs-12 col-sm-offset-1 col-sm-10 col-md-offset-2 col-md-8 col-lg-offset-3 col-lg-6"
  >
    <h4>
      Auth
      Â 
      <svg
        className="bp3-icon bp3-intent-success"
        data-icon="tick"
        height={21}
        style={Object {}}
        viewBox="0 0 20 20"
        width={21}
      >
        <desc>
          tick
        </desc>
        <path
          d="M17 4c-.28 0-.53.11-.71.29L7 13.59 3.71 10.3A.965.965 0 0 0 3 10a1.003 1.003 0 0 0-.71 1.71l4 4c.18.18.43.29.71.29s.53-.11.71-.29l10-10A1.003 1.003 0 0 0 17 4z"
          fillRule="evenodd"
        />
      </svg>
    </h4>
    <div
      className="bp3-callout"
    >
      Visit 
      <a
        href="https://www.bitfinex.com/api"
        rel="noopener noreferrer"
        target="_blank"
      >
        https://www.bitfinex.com/api
      </a>
       to get the readonly API key and secret pair.
    </div>
    <br />
    <div
      className="bp3-form-group"
    >
      <label
        className="bp3-label"
        htmlFor="key"
      >
        Enter API Key:
         
        <span
          className="bp3-text-muted"
        >
          (required)
        </span>
      </label>
      <div
        className="bp3-form-content"
      />
    </div>
    <div
      className="bp3-input-group"
    >
      <input
        className="bp3-input"
        id="key"
        name="key"
        onChange={[Function]}
        placeholder="Enter API Key:"
        style={
          Object {
            "paddingRight": 10,
          }
        }
        type="text"
        value=""
      />
    </div>
    <br />
    <div
      className="bp3-form-group"
    >
      <label
        className="bp3-label"
        htmlFor="secret"
      >
        Enter API Secret:
         
        <span
          className="bp3-text-muted"
        >
          (required)
        </span>
      </label>
      <div
        className="bp3-form-content"
      />
    </div>
    <div
      className="bp3-input-group"
    >
      <input
        className="bp3-input"
        id="secret"
        name="secret"
        onChange={[Function]}
        placeholder="Enter API Secret:"
        style={
          Object {
            "paddingRight": 10,
          }
        }
        type="text"
        value=""
      />
    </div>
    <br />
    <p>
      <button
        className="bp3-button bp3-disabled bp3-intent-primary"
        disabled={true}
        name="check"
        onClick={undefined}
        onKeyDown={[Function]}
        onKeyUp={[Function]}
        tabIndex={-1}
        type="button"
      >
        <span
          className="bp3-button-text"
        >
          Check Auth
        </span>
      </button>
    </p>
  </div>
</div>
`;

exports[`render correctly while hidden 1`] = `""`;
